================================================================
 Model:     google/gemma-3-1b-it
 GPU:       0 (TP=1)
 Tokens:    512
 GPU Mem:   0.92
 Model Len: 4096
 Output:    results/full_benchmark/*/google_gemma-3-1b-it/
 Views:     promptviews_core.jsonl
 Started:   20260318_154236
================================================================
[15:42:36] SKIP external — already complete (1800 lines)
[15:42:36] SKIP icl — already complete (1800 lines)
[15:42:36] SKIP rag — already complete (1800 lines)
[15:42:36] SKIP tool — already complete (1800 lines)
[15:42:36] SKIP history — already complete (1800 lines)

================================================================
 ALL SUITES COMPLETE: google/gemma-3-1b-it
 Total time: 0 minutes
 Results:    results/full_benchmark/*/google_gemma-3-1b-it/
================================================================
