2026-03-04 11:42:37,505 INFO Loading dataset...
2026-03-04 11:42:37,534 INFO Loaded 600 items with prompt views
2026-03-04 11:42:37,534 INFO Running B0 (API)...
2026-03-04 11:42:37,585 INFO [B0] 30 queries to run (async, max_concurrent=20)
Traceback (most recent call last):
  File "<frozen runpy>", line 198, in _run_module_as_main
  File "<frozen runpy>", line 88, in _run_code
  File "/data/yiderigun/LLM_anchoring/src/mitigation_eval/cli.py", line 212, in <module>
    main()
  File "/data/yiderigun/LLM_anchoring/src/mitigation_eval/cli.py", line 81, in main
    _cmd_run(args)
  File "/data/yiderigun/LLM_anchoring/src/mitigation_eval/cli.py", line 152, in _cmd_run
    asyncio.run(run_mitigation_api(
  File "/data/yiderigun/LLM_env/lib/python3.11/asyncio/runners.py", line 190, in run
    return runner.run(main)
           ^^^^^^^^^^^^^^^^
  File "/data/yiderigun/LLM_env/lib/python3.11/asyncio/runners.py", line 118, in run
    return self._loop.run_until_complete(task)
           ^^^^^^^^^^^^^^^^^^^^^^^^^^^^^^^^^^^
  File "/data/yiderigun/LLM_env/lib/python3.11/asyncio/base_events.py", line 654, in run_until_complete
    return future.result()
           ^^^^^^^^^^^^^^^
  File "/data/yiderigun/LLM_anchoring/src/mitigation_eval/runner.py", line 371, in run_mitigation_api
    answer, ok = parse_answer_int(raw, m.get("modified_prompt", ""))
                 ^^^^^^^^^^^^^^^^^^^^^^^^^^^^^^^^^^^^^^^^^^^^^^^^^^^
  File "/data/yiderigun/LLM_anchoring/src/mitigation_eval/runner.py", line 36, in parse_answer_int
    text = raw_text.strip()
           ^^^^^^^^^^^^^^
AttributeError: 'NoneType' object has no attribute 'strip'
2026-03-04 11:42:43,805 ERROR Unclosed client session
client_session: <aiohttp.client.ClientSession object at 0x7fff5c56e810>
2026-03-04 11:42:43,805 ERROR Unclosed connector
connections: ['deque([(<aiohttp.client_proto.ResponseHandler object at 0x7fff5c5f1940>, 2611172.083033989), (<aiohttp.client_proto.ResponseHandler object at 0x7fff5c56a430>, 2611172.092417245), (<aiohttp.client_proto.ResponseHandler object at 0x7fff5c5f0ec0>, 2611172.189197248), (<aiohttp.client_proto.ResponseHandler object at 0x7fff5c5f0360>, 2611172.341110158), (<aiohttp.client_proto.ResponseHandler object at 0x7fff5c5f04b0>, 2611172.394807902), (<aiohttp.client_proto.ResponseHandler object at 0x7fff5c5f1400>, 2611172.540415845), (<aiohttp.client_proto.ResponseHandler object at 0x7fff5c5f0de0>, 2611172.661327318), (<aiohttp.client_proto.ResponseHandler object at 0x7fff5c5f0b40>, 2611172.756362506), (<aiohttp.client_proto.ResponseHandler object at 0x7fff5c5f1320>, 2611173.241788725), (<aiohttp.client_proto.ResponseHandler object at 0x7fff5c5f08a0>, 2611173.346697356), (<aiohttp.client_proto.ResponseHandler object at 0x7fff5c5f1160>, 2611173.621085324), (<aiohttp.client_proto.ResponseHandler object at 0x7fff5c5f0210>, 2611173.655517123), (<aiohttp.client_proto.ResponseHandler object at 0x7fff5c5f1080>, 2611173.670133766), (<aiohttp.client_proto.ResponseHandler object at 0x7fff5c5f0750>, 2611173.777903738), (<aiohttp.client_proto.ResponseHandler object at 0x7fff5c5f15c0>, 2611173.93653953), (<aiohttp.client_proto.ResponseHandler object at 0x7fff5c5f0980>, 2611173.941509962), (<aiohttp.client_proto.ResponseHandler object at 0x7fff5c5f1b00>, 2611173.971285494), (<aiohttp.client_proto.ResponseHandler object at 0x7fff5c5f0600>, 2611175.287357512), (<aiohttp.client_proto.ResponseHandler object at 0x7fff5c5f14e0>, 2611175.414407579), (<aiohttp.client_proto.ResponseHandler object at 0x7fff5c5f0c20>, 2611176.035378649)])']
connector: <aiohttp.connector.TCPConnector object at 0x7fff5c56ec50>
